User: Invalid command. Type 'help' for a list of commands.

User: Invalid command. Type 'help' for a list of commands.

User: Invalid command. Type 'help' for a list of commands.

User: Invalid command. Type 'help' for a list of commands.

User: Invalid command. Type 'help' for a list of commands.

User: Invalid command. Type 'help' for a list of commands.

User: Invalid command. Type 'help' for a list of commands.

User: Invalid command. Type 'help' for a list of commands.

User: Invalid command. Type 'help' for a list of commands.

User: Invalid command. Type 'help' for a list of commands.

User: Invalid command. Type 'help' for a list of commands.

User: Application closed.
