User: Locations (0):
(None)

User: Error writing file.

User: Error writing file.

User: Exported 0 locations.

User: Successfully added location Mumbai.

User: Exported 1 location.

User: Imported 51 locations.

User: Successfully added location NewDelhi.

User: Locations (53):
AbuDhabi, Adelaide, AliceSprings, Alta, Athens, Auckland, Beijing, Berlin, Bern, Bordeaux, Brisbane, Cairo, Cardiff, Chicago, CoffsHarbour, Dallas, Darwin, Dubai, Dubbo, GoldCoast, Hanoi, Hobart, Houston, Jakarta, Johannesburg, Lagos, Liverpool, London, Longyearbyen, LosAngeles, Luton, Madrid, Manchester, Moscow, Mumbai, NewDelhi, NewYork, Orange, Oslo, Paris, Perth, Rio, Rome, SanFrancisco, Stockholm, Sydney, Toulouse, Townsville, Tromso, Ufa, Utqiagvik, Vladivostok, Washington

User: Exported 53 locations.

User: Application closed.
