User: Locations (0):
(None)

User: Successfully added location NewDelhi.

User: Successfully added location Mumbai.

User: Locations (2):
Mumbai, NewDelhi

User: Successfully added location Berlin.

User: Successfully added location NewYork.

User: Locations (4):
Berlin, Mumbai, NewDelhi, NewYork

User: Application closed.
