User: Invalid starting location.

User: Successfully added location Sydney.

User: Locations (1):
Sydney

User: Application closed.
